时延分辨率:4.1 ns, 角度分辨率:3.6 deg 
平均每簇参数自由度: 时延-5.4, 角度-11.2, 总-60.4 
RMS时延扩展:100.22 ns, 相干带宽(50%):2.00 MHz, 相干带宽(90%):0.20 MHz
Warming both backends: Kp=128 (excluded from timing).
Acceleration Kp=128 trial=1/100, parameter times=[340.8 1.172] s
Acceleration Kp=128 trial=2/100, parameter times=[326.4 1.349] s
Acceleration Kp=128 trial=3/100, parameter times=[364.6 1.148] s
Acceleration Kp=128 trial=4/100, parameter times=[344.5 1.121] s
Acceleration Kp=128 trial=5/100, parameter times=[369.1 1.339] s
Acceleration Kp=128 trial=6/100, parameter times=[351.3 1.351] s
Acceleration Kp=128 trial=7/100, parameter times=[345.3 1.294] s
Acceleration Kp=128 trial=8/100, parameter times=[345.5 1.267] s
Acceleration Kp=128 trial=9/100, parameter times=[336.4 1.309] s
Acceleration Kp=128 trial=10/100, parameter times=[360.7 1.243] s
Acceleration Kp=128 trial=11/100, parameter times=[378.2 1.437] s
Acceleration Kp=128 trial=12/100, parameter times=[343.2 1.41] s
Acceleration Kp=128 trial=13/100, parameter times=[365.6 1.399] s
Acceleration Kp=128 trial=14/100, parameter times=[384 1.446] s
Acceleration Kp=128 trial=15/100, parameter times=[385.6 1.507] s
Acceleration Kp=128 trial=16/100, parameter times=[347.6 1.384] s
Acceleration Kp=128 trial=17/100, parameter times=[360.5 1.497] s
Acceleration Kp=128 trial=18/100, parameter times=[348.1 1.422] s
Acceleration Kp=128 trial=19/100, parameter times=[360.6 1.427] s
Acceleration Kp=128 trial=20/100, parameter times=[335.3 1.375] s
Acceleration Kp=128 trial=21/100, parameter times=[385.5 1.449] s
Acceleration Kp=128 trial=22/100, parameter times=[349.8 1.417] s
Acceleration Kp=128 trial=23/100, parameter times=[363 1.523] s
Acceleration Kp=128 trial=24/100, parameter times=[390.5 1.514] s
Acceleration Kp=128 trial=25/100, parameter times=[391.1 1.458] s
Acceleration Kp=128 trial=26/100, parameter times=[364.2 1.396] s
Acceleration Kp=128 trial=27/100, parameter times=[375.5 1.409] s
Acceleration Kp=128 trial=28/100, parameter times=[371.7 1.382] s
Acceleration Kp=128 trial=29/100, parameter times=[360.8 1.524] s
Acceleration Kp=128 trial=30/100, parameter times=[359.1 1.457] s
Acceleration Kp=128 trial=31/100, parameter times=[358.2 1.448] s
Acceleration Kp=128 trial=32/100, parameter times=[391.3 1.52] s
Acceleration Kp=128 trial=33/100, parameter times=[367 1.38] s
Acceleration Kp=128 trial=34/100, parameter times=[343.1 1.358] s
Acceleration Kp=128 trial=35/100, parameter times=[354.6 1.295] s
Acceleration Kp=128 trial=36/100, parameter times=[342.6 1.209] s
Acceleration Kp=128 trial=37/100, parameter times=[358.2 1.47] s
Acceleration Kp=128 trial=38/100, parameter times=[383.8 1.436] s
Acceleration Kp=128 trial=39/100, parameter times=[361.5 1.497] s
Acceleration Kp=128 trial=40/100, parameter times=[390.5 1.464] s
Acceleration Kp=128 trial=41/100, parameter times=[357 1.453] s
Acceleration Kp=128 trial=42/100, parameter times=[374.4 1.453] s
Acceleration Kp=128 trial=43/100, parameter times=[361.1 1.411] s
Acceleration Kp=128 trial=44/100, parameter times=[347.3 1.439] s
Acceleration Kp=128 trial=45/100, parameter times=[348.5 1.409] s
Acceleration Kp=128 trial=46/100, parameter times=[358.9 1.429] s
Acceleration Kp=128 trial=47/100, parameter times=[349.4 1.476] s
Acceleration Kp=128 trial=48/100, parameter times=[392.6 1.416] s
Acceleration Kp=128 trial=49/100, parameter times=[424.5 1.482] s
Acceleration Kp=128 trial=50/100, parameter times=[355.1 1.504] s
Acceleration Kp=128 trial=51/100, parameter times=[360.9 1.192] s
Acceleration Kp=128 trial=52/100, parameter times=[369.2 1.171] s
Acceleration Kp=128 trial=53/100, parameter times=[371.4 1.184] s
Acceleration Kp=128 trial=54/100, parameter times=[345.8 1.139] s
Acceleration Kp=128 trial=55/100, parameter times=[346.3 1.139] s
Acceleration Kp=128 trial=56/100, parameter times=[357.3 1.131] s
Acceleration Kp=128 trial=57/100, parameter times=[333.2 1.118] s
Acceleration Kp=128 trial=58/100, parameter times=[345.7 1.133] s
Acceleration Kp=128 trial=59/100, parameter times=[333.1 1.149] s
Acceleration Kp=128 trial=60/100, parameter times=[356.9 1.176] s
Acceleration Kp=128 trial=61/100, parameter times=[358.2 1.125] s
Acceleration Kp=128 trial=62/100, parameter times=[333.4 1.135] s
Acceleration Kp=128 trial=63/100, parameter times=[321 1.144] s
Acceleration Kp=128 trial=64/100, parameter times=[346.2 1.125] s
Acceleration Kp=128 trial=65/100, parameter times=[333.5 1.109] s
Acceleration Kp=128 trial=66/100, parameter times=[321 1.125] s
Acceleration Kp=128 trial=67/100, parameter times=[345.3 1.173] s
Acceleration Kp=128 trial=68/100, parameter times=[346.2 1.159] s
Acceleration Kp=128 trial=69/100, parameter times=[346.8 1.136] s
Acceleration Kp=128 trial=70/100, parameter times=[344.6 1.147] s
Acceleration Kp=128 trial=71/100, parameter times=[356.8 1.179] s
Acceleration Kp=128 trial=72/100, parameter times=[321.8 1.113] s
Acceleration Kp=128 trial=73/100, parameter times=[368.7 1.158] s
Acceleration Kp=128 trial=74/100, parameter times=[356.9 1.149] s
Acceleration Kp=128 trial=75/100, parameter times=[320.3 1.141] s
