时延分辨率:4.1 ns, 角度分辨率:3.6 deg 
平均每簇参数自由度: 时延-5.4, 角度-11.2, 总-60.4 
RMS时延扩展:100.22 ns, 相干带宽(50%):2.00 MHz, 相干带宽(90%):0.20 MHz
Warming both backends: Kp=8 (excluded from timing).
Acceleration Kp=8 trial=1/50, parameter times=[1.331 1.016] s
Acceleration Kp=8 trial=2/50, parameter times=[1.353 1.055] s
Acceleration Kp=8 trial=3/50, parameter times=[1.408 0.9814] s
Acceleration Kp=8 trial=4/50, parameter times=[1.374 0.9823] s
Acceleration Kp=8 trial=5/50, parameter times=[1.352 0.9629] s
Acceleration Kp=8 trial=6/50, parameter times=[1.364 0.962] s
Acceleration Kp=8 trial=7/50, parameter times=[1.292 0.9791] s
Acceleration Kp=8 trial=8/50, parameter times=[1.324 0.9361] s
Acceleration Kp=8 trial=9/50, parameter times=[1.358 0.9707] s
Acceleration Kp=8 trial=10/50, parameter times=[1.323 0.9522] s
Acceleration Kp=8 trial=11/50, parameter times=[1.358 0.9574] s
Acceleration Kp=8 trial=12/50, parameter times=[1.252 0.9564] s
Acceleration Kp=8 trial=13/50, parameter times=[1.317 0.9607] s
Acceleration Kp=8 trial=14/50, parameter times=[1.275 0.9675] s
Acceleration Kp=8 trial=15/50, parameter times=[1.354 0.9356] s
Acceleration Kp=8 trial=16/50, parameter times=[1.308 0.9511] s
Acceleration Kp=8 trial=17/50, parameter times=[1.376 1.012] s
Acceleration Kp=8 trial=18/50, parameter times=[1.323 1.005] s
Acceleration Kp=8 trial=19/50, parameter times=[1.457 1.003] s
Acceleration Kp=8 trial=20/50, parameter times=[1.27 0.9539] s
Acceleration Kp=8 trial=21/50, parameter times=[1.243 0.9693] s
Acceleration Kp=8 trial=22/50, parameter times=[1.392 0.9737] s
Acceleration Kp=8 trial=23/50, parameter times=[1.289 0.9786] s
Acceleration Kp=8 trial=24/50, parameter times=[1.367 0.9953] s
Acceleration Kp=8 trial=25/50, parameter times=[1.371 0.9654] s
Acceleration Kp=8 trial=26/50, parameter times=[1.37 0.9883] s
Acceleration Kp=8 trial=27/50, parameter times=[1.286 0.9623] s
Acceleration Kp=8 trial=28/50, parameter times=[1.343 0.9921] s
Acceleration Kp=8 trial=29/50, parameter times=[1.303 0.9784] s
Acceleration Kp=8 trial=30/50, parameter times=[1.4 1.007] s
Acceleration Kp=8 trial=31/50, parameter times=[1.332 1.01] s
Acceleration Kp=8 trial=32/50, parameter times=[1.347 0.9637] s
Acceleration Kp=8 trial=33/50, parameter times=[1.314 0.9656] s
Acceleration Kp=8 trial=34/50, parameter times=[1.28 0.9568] s
Acceleration Kp=8 trial=35/50, parameter times=[1.354 0.976] s
Acceleration Kp=8 trial=36/50, parameter times=[1.289 0.9841] s
Acceleration Kp=8 trial=37/50, parameter times=[1.211 0.955] s
Acceleration Kp=8 trial=38/50, parameter times=[1.3 0.9527] s
Acceleration Kp=8 trial=39/50, parameter times=[1.341 0.9722] s
Acceleration Kp=8 trial=40/50, parameter times=[1.279 0.9809] s
Acceleration Kp=8 trial=41/50, parameter times=[1.272 0.9884] s
Acceleration Kp=8 trial=42/50, parameter times=[1.326 0.9638] s
Acceleration Kp=8 trial=43/50, parameter times=[1.308 0.9599] s
Acceleration Kp=8 trial=44/50, parameter times=[1.209 0.9341] s
Acceleration Kp=8 trial=45/50, parameter times=[1.384 0.9573] s
Acceleration Kp=8 trial=46/50, parameter times=[1.342 0.9617] s
Acceleration Kp=8 trial=47/50, parameter times=[1.325 0.9542] s
Acceleration Kp=8 trial=48/50, parameter times=[1.209 0.9378] s
Acceleration Kp=8 trial=49/50, parameter times=[1.348 0.9611] s
Acceleration Kp=8 trial=50/50, parameter times=[1.38 0.9541] s
Warming both backends: Kp=16 (excluded from timing).
Acceleration Kp=16 trial=1/50, parameter times=[2.399 1.001] s
Acceleration Kp=16 trial=2/50, parameter times=[2.719 0.998] s
Acceleration Kp=16 trial=3/50, parameter times=[2.638 0.973] s
Acceleration Kp=16 trial=4/50, parameter times=[2.692 0.991] s
Acceleration Kp=16 trial=5/50, parameter times=[2.49 0.9763] s
Acceleration Kp=16 trial=6/50, parameter times=[2.708 1.016] s
Acceleration Kp=16 trial=7/50, parameter times=[2.695 1.001] s
Acceleration Kp=16 trial=8/50, parameter times=[2.525 1.005] s
Acceleration Kp=16 trial=9/50, parameter times=[2.631 1.017] s
Acceleration Kp=16 trial=10/50, parameter times=[2.303 0.9742] s
Acceleration Kp=16 trial=11/50, parameter times=[2.743 1.025] s
Acceleration Kp=16 trial=12/50, parameter times=[2.722 0.9888] s
Acceleration Kp=16 trial=13/50, parameter times=[2.149 0.9953] s
Acceleration Kp=16 trial=14/50, parameter times=[2.835 1.018] s
Acceleration Kp=16 trial=15/50, parameter times=[2.251 0.994] s
Acceleration Kp=16 trial=16/50, parameter times=[2.236 0.9784] s
Acceleration Kp=16 trial=17/50, parameter times=[2.678 1.016] s
Acceleration Kp=16 trial=18/50, parameter times=[2.743 0.989] s
Acceleration Kp=16 trial=19/50, parameter times=[2.728 1.004] s
Acceleration Kp=16 trial=20/50, parameter times=[2.717 0.9965] s
Acceleration Kp=16 trial=21/50, parameter times=[2.402 0.9701] s
Acceleration Kp=16 trial=22/50, parameter times=[2.242 0.9923] s
Acceleration Kp=16 trial=23/50, parameter times=[2.733 0.9812] s
Acceleration Kp=16 trial=24/50, parameter times=[2.552 0.9712] s
Acceleration Kp=16 trial=25/50, parameter times=[2.592 0.9995] s
Acceleration Kp=16 trial=26/50, parameter times=[2.699 0.9756] s
Acceleration Kp=16 trial=27/50, parameter times=[2.747 1.013] s
Acceleration Kp=16 trial=28/50, parameter times=[2.892 1.006] s
Acceleration Kp=16 trial=29/50, parameter times=[2.262 0.9494] s
Acceleration Kp=16 trial=30/50, parameter times=[2.294 0.9892] s
Acceleration Kp=16 trial=31/50, parameter times=[2.347 1.015] s
Acceleration Kp=16 trial=32/50, parameter times=[2.687 0.9643] s
Acceleration Kp=16 trial=33/50, parameter times=[2.639 1.019] s
Acceleration Kp=16 trial=34/50, parameter times=[2.687 1.018] s
Acceleration Kp=16 trial=35/50, parameter times=[2.249 0.9864] s
Acceleration Kp=16 trial=36/50, parameter times=[2.676 1.007] s
Acceleration Kp=16 trial=37/50, parameter times=[2.369 0.9866] s
Acceleration Kp=16 trial=38/50, parameter times=[2.534 0.9734] s
Acceleration Kp=16 trial=39/50, parameter times=[2.545 1.009] s
Acceleration Kp=16 trial=40/50, parameter times=[2.655 1.013] s
Acceleration Kp=16 trial=41/50, parameter times=[2.533 1.023] s
Acceleration Kp=16 trial=42/50, parameter times=[2.875 1.028] s
Acceleration Kp=16 trial=43/50, parameter times=[2.661 0.9832] s
Acceleration Kp=16 trial=44/50, parameter times=[2.493 0.9815] s
Acceleration Kp=16 trial=45/50, parameter times=[2.744 1.016] s
Acceleration Kp=16 trial=46/50, parameter times=[2.778 1.001] s
Acceleration Kp=16 trial=47/50, parameter times=[2.475 0.9985] s
Acceleration Kp=16 trial=48/50, parameter times=[2.712 1.031] s
Acceleration Kp=16 trial=49/50, parameter times=[2.601 0.994] s
Acceleration Kp=16 trial=50/50, parameter times=[2.548 0.99] s
Warming both backends: Kp=32 (excluded from timing).
Acceleration Kp=32 trial=1/50, parameter times=[8.002 1.294] s
Acceleration Kp=32 trial=2/50, parameter times=[7.687 1.253] s
Acceleration Kp=32 trial=3/50, parameter times=[7.431 1.22] s
Acceleration Kp=32 trial=4/50, parameter times=[7.409 1.249] s
Acceleration Kp=32 trial=5/50, parameter times=[7.598 1.009] s
Acceleration Kp=32 trial=6/50, parameter times=[7.369 1.211] s
Acceleration Kp=32 trial=7/50, parameter times=[7.663 1.302] s
Acceleration Kp=32 trial=8/50, parameter times=[7.897 1.241] s
Acceleration Kp=32 trial=9/50, parameter times=[7.388 1.018] s
Acceleration Kp=32 trial=10/50, parameter times=[8.093 1.278] s
Acceleration Kp=32 trial=11/50, parameter times=[7.967 1.005] s
Acceleration Kp=32 trial=12/50, parameter times=[7.447 1.259] s
Acceleration Kp=32 trial=13/50, parameter times=[7.187 1.019] s
Acceleration Kp=32 trial=14/50, parameter times=[7.697 1.272] s
Acceleration Kp=32 trial=15/50, parameter times=[7.635 1.045] s
Acceleration Kp=32 trial=16/50, parameter times=[7.497 1.257] s
Acceleration Kp=32 trial=17/50, parameter times=[7.246 0.9887] s
Acceleration Kp=32 trial=18/50, parameter times=[7.998 1.266] s
Acceleration Kp=32 trial=19/50, parameter times=[7.476 1.006] s
Acceleration Kp=32 trial=20/50, parameter times=[7.96 1.276] s
Acceleration Kp=32 trial=21/50, parameter times=[7.133 1.025] s
Acceleration Kp=32 trial=22/50, parameter times=[7.349 1.262] s
Acceleration Kp=32 trial=23/50, parameter times=[7.736 1.015] s
Acceleration Kp=32 trial=24/50, parameter times=[7.341 1.26] s
Acceleration Kp=32 trial=25/50, parameter times=[7.334 1.011] s
Acceleration Kp=32 trial=26/50, parameter times=[7.816 1.285] s
Acceleration Kp=32 trial=27/50, parameter times=[7.567 1.004] s
Acceleration Kp=32 trial=28/50, parameter times=[7.861 1.235] s
Acceleration Kp=32 trial=29/50, parameter times=[7.502 0.9929] s
Acceleration Kp=32 trial=30/50, parameter times=[7.14 1.233] s
Acceleration Kp=32 trial=31/50, parameter times=[7.583 1.052] s
Acceleration Kp=32 trial=32/50, parameter times=[7.248 1.246] s
Acceleration Kp=32 trial=33/50, parameter times=[7.497 0.9919] s
Acceleration Kp=32 trial=34/50, parameter times=[7.39 1.201] s
Acceleration Kp=32 trial=35/50, parameter times=[7.387 1.203] s
Acceleration Kp=32 trial=36/50, parameter times=[7.657 1.304] s
Acceleration Kp=32 trial=37/50, parameter times=[7.329 1.026] s
Acceleration Kp=32 trial=38/50, parameter times=[7.62 1.244] s
Acceleration Kp=32 trial=39/50, parameter times=[8.004 1.035] s
Acceleration Kp=32 trial=40/50, parameter times=[7.577 1.293] s
Acceleration Kp=32 trial=41/50, parameter times=[7.562 1.019] s
Acceleration Kp=32 trial=42/50, parameter times=[7.923 1.286] s
Acceleration Kp=32 trial=43/50, parameter times=[7.704 1.009] s
Acceleration Kp=32 trial=44/50, parameter times=[7.762 1.268] s
Acceleration Kp=32 trial=45/50, parameter times=[7.789 1.101] s
Acceleration Kp=32 trial=46/50, parameter times=[7.695 1.276] s
Acceleration Kp=32 trial=47/50, parameter times=[7.2 1.02] s
Acceleration Kp=32 trial=48/50, parameter times=[7.923 1.262] s
Acceleration Kp=32 trial=49/50, parameter times=[7.738 1.01] s
Acceleration Kp=32 trial=50/50, parameter times=[7.768 1.271] s
Warming both backends: Kp=64 (excluded from timing).
Acceleration Kp=64 trial=1/50, parameter times=[60.89 1.068] s
Acceleration Kp=64 trial=2/50, parameter times=[61.63 1.079] s
Acceleration Kp=64 trial=3/50, parameter times=[60.87 1.064] s
Acceleration Kp=64 trial=4/50, parameter times=[68.38 1.041] s
Acceleration Kp=64 trial=5/50, parameter times=[63.7 1.063] s
Acceleration Kp=64 trial=6/50, parameter times=[63.98 1.051] s
Acceleration Kp=64 trial=7/50, parameter times=[71.83 1.031] s
Acceleration Kp=64 trial=8/50, parameter times=[66.02 1.039] s
Acceleration Kp=64 trial=9/50, parameter times=[67.25 1.027] s
Acceleration Kp=64 trial=10/50, parameter times=[68.89 1.069] s
Acceleration Kp=64 trial=11/50, parameter times=[58.9 1.038] s
Acceleration Kp=64 trial=12/50, parameter times=[61.56 1.044] s
Acceleration Kp=64 trial=13/50, parameter times=[64.68 1.092] s
Acceleration Kp=64 trial=14/50, parameter times=[61.22 1.082] s
Acceleration Kp=64 trial=15/50, parameter times=[63.91 1.103] s
Acceleration Kp=64 trial=16/50, parameter times=[66.74 1.08] s
Acceleration Kp=64 trial=17/50, parameter times=[62.02 1.052] s
Acceleration Kp=64 trial=18/50, parameter times=[63.86 1.089] s
Acceleration Kp=64 trial=19/50, parameter times=[61.6 1.061] s
Acceleration Kp=64 trial=20/50, parameter times=[64.13 1.112] s
Acceleration Kp=64 trial=21/50, parameter times=[66.55 1.058] s
Acceleration Kp=64 trial=22/50, parameter times=[58.78 1.088] s
Acceleration Kp=64 trial=23/50, parameter times=[63.32 1.098] s
Acceleration Kp=64 trial=24/50, parameter times=[61.5 1.079] s
Acceleration Kp=64 trial=25/50, parameter times=[66.38 1.039] s
Acceleration Kp=64 trial=26/50, parameter times=[68.99 1.067] s
Acceleration Kp=64 trial=27/50, parameter times=[61.86 1.068] s
Acceleration Kp=64 trial=28/50, parameter times=[61.92 1.096] s
Acceleration Kp=64 trial=29/50, parameter times=[61.49 1.081] s
Acceleration Kp=64 trial=30/50, parameter times=[66.44 1.084] s
Acceleration Kp=64 trial=31/50, parameter times=[56.56 1.055] s
Acceleration Kp=64 trial=32/50, parameter times=[61.35 1.045] s
Acceleration Kp=64 trial=33/50, parameter times=[69.44 1.041] s
Acceleration Kp=64 trial=34/50, parameter times=[64.3 1.092] s
Acceleration Kp=64 trial=35/50, parameter times=[72.19 1.084] s
Acceleration Kp=64 trial=36/50, parameter times=[66.88 1.081] s
Acceleration Kp=64 trial=37/50, parameter times=[61.88 1.067] s
Acceleration Kp=64 trial=38/50, parameter times=[61.63 1.084] s
Acceleration Kp=64 trial=39/50, parameter times=[62.03 1.08] s
Acceleration Kp=64 trial=40/50, parameter times=[73.84 1.03] s
Acceleration Kp=64 trial=41/50, parameter times=[66.34 1.047] s
Acceleration Kp=64 trial=42/50, parameter times=[63.36 1.055] s
Acceleration Kp=64 trial=43/50, parameter times=[64.48 1.018] s
Acceleration Kp=64 trial=44/50, parameter times=[61.59 1.073] s
Acceleration Kp=64 trial=45/50, parameter times=[61.25 1.048] s
Acceleration Kp=64 trial=46/50, parameter times=[61.1 1.109] s
Acceleration Kp=64 trial=47/50, parameter times=[63.84 1.065] s
Acceleration Kp=64 trial=48/50, parameter times=[65.51 1.039] s
Acceleration Kp=64 trial=49/50, parameter times=[61.36 1.023] s
Acceleration Kp=64 trial=50/50, parameter times=[60.79 1.046] s
