时延分辨率:4.1 ns, 角度分辨率:3.6 deg 
平均每簇参数自由度: 时延-5.4, 角度-11.2, 总-60.4 
RMS时延扩展:100.22 ns, 相干带宽(50%):2.00 MHz, 相干带宽(90%):0.20 MHz
Acceleration Kp=8 trial=1/20, parameter times=[1.256 0.9723] s
Acceleration Kp=8 trial=2/20, parameter times=[1.293 0.9867] s
Acceleration Kp=8 trial=3/20, parameter times=[1.21 0.975] s
Acceleration Kp=8 trial=4/20, parameter times=[1.253 0.9504] s
Acceleration Kp=8 trial=5/20, parameter times=[1.256 0.9773] s
Acceleration Kp=8 trial=6/20, parameter times=[1.223 0.9519] s
Acceleration Kp=8 trial=7/20, parameter times=[1.161 0.9409] s
Acceleration Kp=8 trial=8/20, parameter times=[1.242 0.9497] s
Acceleration Kp=8 trial=9/20, parameter times=[1.134 0.914] s
Acceleration Kp=8 trial=10/20, parameter times=[1.175 0.9468] s
Acceleration Kp=8 trial=11/20, parameter times=[1.294 0.9589] s
Acceleration Kp=8 trial=12/20, parameter times=[1.136 0.9317] s
Acceleration Kp=8 trial=13/20, parameter times=[1.179 0.9489] s
Acceleration Kp=8 trial=14/20, parameter times=[1.145 0.942] s
Acceleration Kp=8 trial=15/20, parameter times=[1.161 0.918] s
Acceleration Kp=8 trial=16/20, parameter times=[1.185 0.942] s
Acceleration Kp=8 trial=17/20, parameter times=[1.202 0.9269] s
Acceleration Kp=8 trial=18/20, parameter times=[1.186 0.9294] s
Acceleration Kp=8 trial=19/20, parameter times=[1.149 0.9764] s
Acceleration Kp=8 trial=20/20, parameter times=[1.231 0.944] s
Acceleration Kp=16 trial=1/20, parameter times=[2.137 1.06] s
Acceleration Kp=16 trial=2/20, parameter times=[2.224 0.981] s
Acceleration Kp=16 trial=3/20, parameter times=[2.168 0.9861] s
Acceleration Kp=16 trial=4/20, parameter times=[2.032 0.9512] s
Acceleration Kp=16 trial=5/20, parameter times=[2.029 0.9536] s
Acceleration Kp=16 trial=6/20, parameter times=[1.913 0.947] s
Acceleration Kp=16 trial=7/20, parameter times=[1.962 0.9483] s
Acceleration Kp=16 trial=8/20, parameter times=[2.253 0.9946] s
Acceleration Kp=16 trial=9/20, parameter times=[1.993 0.9823] s
Acceleration Kp=16 trial=10/20, parameter times=[2.065 0.966] s
Acceleration Kp=16 trial=11/20, parameter times=[2.062 0.9683] s
Acceleration Kp=16 trial=12/20, parameter times=[2.115 0.9615] s
Acceleration Kp=16 trial=13/20, parameter times=[2.061 0.9496] s
Acceleration Kp=16 trial=14/20, parameter times=[1.951 0.9501] s
Acceleration Kp=16 trial=15/20, parameter times=[2.015 0.9465] s
Acceleration Kp=16 trial=16/20, parameter times=[2.05 1.025] s
Acceleration Kp=16 trial=17/20, parameter times=[1.992 0.9536] s
Acceleration Kp=16 trial=18/20, parameter times=[1.996 0.9621] s
Acceleration Kp=16 trial=19/20, parameter times=[2.139 0.9544] s
Acceleration Kp=16 trial=20/20, parameter times=[1.998 0.975] s
Acceleration Kp=32 trial=1/20, parameter times=[7.554 0.9997] s
Acceleration Kp=32 trial=2/20, parameter times=[7.776 0.9885] s
Acceleration Kp=32 trial=3/20, parameter times=[7.065 0.9874] s
Acceleration Kp=32 trial=4/20, parameter times=[8.21 0.9988] s
Acceleration Kp=32 trial=5/20, parameter times=[7.475 1.011] s
Acceleration Kp=32 trial=6/20, parameter times=[7.281 0.9744] s
Acceleration Kp=32 trial=7/20, parameter times=[7.213 0.9636] s
Acceleration Kp=32 trial=8/20, parameter times=[7.644 1.021] s
Acceleration Kp=32 trial=9/20, parameter times=[7.605 0.9903] s
Acceleration Kp=32 trial=10/20, parameter times=[8.027 1.017] s
Acceleration Kp=32 trial=11/20, parameter times=[7.409 0.9884] s
Acceleration Kp=32 trial=12/20, parameter times=[7.769 0.9808] s
Acceleration Kp=32 trial=13/20, parameter times=[7.408 0.9698] s
Acceleration Kp=32 trial=14/20, parameter times=[7.678 0.9632] s
Acceleration Kp=32 trial=15/20, parameter times=[7.938 0.9869] s
Acceleration Kp=32 trial=16/20, parameter times=[8.106 0.9982] s
Acceleration Kp=32 trial=17/20, parameter times=[7.775 0.9694] s
Acceleration Kp=32 trial=18/20, parameter times=[7.462 0.9855] s
Acceleration Kp=32 trial=19/20, parameter times=[7.806 0.9873] s
Acceleration Kp=32 trial=20/20, parameter times=[7.189 0.9635] s
Acceleration Kp=64 trial=1/20, parameter times=[59.65 1.045] s
Acceleration Kp=64 trial=2/20, parameter times=[57.53 1.022] s
Acceleration Kp=64 trial=3/20, parameter times=[59.6 1.026] s
Acceleration Kp=64 trial=4/20, parameter times=[57.61 1.009] s
Acceleration Kp=64 trial=5/20, parameter times=[57.11 1.03] s
Acceleration Kp=64 trial=6/20, parameter times=[64.12 1.022] s
Acceleration Kp=64 trial=7/20, parameter times=[64.69 1.019] s
Acceleration Kp=64 trial=8/20, parameter times=[61.99 1.027] s
Acceleration Kp=64 trial=9/20, parameter times=[57.42 1.011] s
Acceleration Kp=64 trial=10/20, parameter times=[59.75 1.007] s
Acceleration Kp=64 trial=11/20, parameter times=[57.5 1.022] s
Acceleration Kp=64 trial=12/20, parameter times=[57.53 1.015] s
Acceleration Kp=64 trial=13/20, parameter times=[57.99 1.056] s
Acceleration Kp=64 trial=14/20, parameter times=[57.68 1.006] s
Acceleration Kp=64 trial=15/20, parameter times=[60.06 1.037] s
Acceleration Kp=64 trial=16/20, parameter times=[64.37 1.033] s
Acceleration Kp=64 trial=17/20, parameter times=[58.1 1.016] s
Acceleration Kp=64 trial=18/20, parameter times=[57.68 1.028] s
Acceleration Kp=64 trial=19/20, parameter times=[60.1 1.037] s
Acceleration Kp=64 trial=20/20, parameter times=[64.31 1.045] s
Acceleration Kp=128 trial=1/20, parameter times=[336.7 1.233] s
Acceleration Kp=128 trial=2/20, parameter times=[349.1 1.128] s
Acceleration Kp=128 trial=3/20, parameter times=[337.8 1.15] s
Acceleration Kp=128 trial=4/20, parameter times=[338.7 1.154] s
Acceleration Kp=128 trial=5/20, parameter times=[363 1.187] s
Acceleration Kp=128 trial=6/20, parameter times=[349.8 1.145] s
Acceleration Kp=128 trial=7/20, parameter times=[340.9 1.141] s
Acceleration Kp=128 trial=8/20, parameter times=[329.7 1.169] s
Acceleration Kp=128 trial=9/20, parameter times=[340 1.149] s
Acceleration Kp=128 trial=10/20, parameter times=[328.7 1.157] s
