Starting parallel pool (parpool) using the 'Processes' profile ...
Connected to parallel pool with 8 workers.
时延分辨率:4.1 ns, 角度分辨率:3.6 deg 
平均每簇参数自由度: 时延-5.4, 角度-11.2, 总-60.4 
RMS时延扩展:100.22 ns, 相干带宽(50%):2.00 MHz, 相干带宽(90%):0.20 MHz
Kp=16 paired trials=8/100: difference=0.1531 dB, 95% bootstrap [-0.0409, 0.3907]
Kp=16 paired trials=16/100: difference=0.1729 dB, 95% bootstrap [0.0112, 0.3446]
Kp=16 paired trials=24/100: difference=0.1318 dB, 95% bootstrap [0.0107, 0.2582]
Kp=16 paired trials=32/100: difference=0.1458 dB, 95% bootstrap [-0.0063, 0.2880]
Kp=16 paired trials=40/100: difference=0.1354 dB, 95% bootstrap [0.0137, 0.2514]
Kp=16 paired trials=48/100: difference=0.1381 dB, 95% bootstrap [0.0296, 0.2412]
Kp=16 paired trials=56/100: difference=0.1442 dB, 95% bootstrap [0.0478, 0.2334]
Kp=16 paired trials=64/100: difference=0.1679 dB, 95% bootstrap [0.0687, 0.2828]
Kp=16 paired trials=72/100: difference=0.1856 dB, 95% bootstrap [0.0897, 0.2805]
Kp=16 paired trials=80/100: difference=0.1764 dB, 95% bootstrap [0.0819, 0.2708]
Kp=16 paired trials=88/100: difference=0.1672 dB, 95% bootstrap [0.0825, 0.2595]
Kp=16 paired trials=96/100: difference=0.1575 dB, 95% bootstrap [0.0744, 0.2425]
Kp=16 paired trials=100/100: difference=0.1519 dB, 95% bootstrap [0.0694, 0.2360]
Kp=64 paired trials=8/100: difference=0.0234 dB, 95% bootstrap [-0.0026, 0.0511]
Kp=64 paired trials=16/100: difference=0.0296 dB, 95% bootstrap [-0.0089, 0.0728]
Kp=64 paired trials=24/100: difference=0.0500 dB, 95% bootstrap [0.0138, 0.0883]
Kp=64 paired trials=32/100: difference=0.0525 dB, 95% bootstrap [0.0246, 0.0840]
Kp=64 paired trials=40/100: difference=0.0657 dB, 95% bootstrap [0.0263, 0.1141]
Kp=64 paired trials=48/100: difference=0.0598 dB, 95% bootstrap [0.0261, 0.1004]
Kp=64 paired trials=56/100: difference=0.0538 dB, 95% bootstrap [0.0235, 0.0908]
Kp=64 paired trials=64/100: difference=0.0518 dB, 95% bootstrap [0.0249, 0.0842]
Kp=64 paired trials=72/100: difference=0.0523 dB, 95% bootstrap [0.0283, 0.0815]
Kp=64 paired trials=80/100: difference=0.0524 dB, 95% bootstrap [0.0301, 0.0778]
Kp=64 paired trials=88/100: difference=0.0510 dB, 95% bootstrap [0.0321, 0.0752]
Kp=64 paired trials=96/100: difference=0.0402 dB, 95% bootstrap [0.0128, 0.0665]
Kp=64 paired trials=100/100: difference=0.0392 dB, 95% bootstrap [0.0131, 0.0638]
Kp=8 paired trials=8/100: difference=0.0273 dB, 95% bootstrap [-0.2542, 0.3367]
Kp=8 paired trials=16/100: difference=0.1730 dB, 95% bootstrap [-0.0708, 0.4153]
Kp=8 paired trials=24/100: difference=0.2223 dB, 95% bootstrap [0.0517, 0.4196]
Kp=8 paired trials=32/100: difference=0.2524 dB, 95% bootstrap [0.1023, 0.4008]
Kp=8 paired trials=40/100: difference=0.2058 dB, 95% bootstrap [0.0737, 0.3330]
Kp=8 paired trials=48/100: difference=0.2072 dB, 95% bootstrap [0.0801, 0.3282]
Kp=8 paired trials=56/100: difference=0.2194 dB, 95% bootstrap [0.1075, 0.3465]
Kp=8 paired trials=64/100: difference=0.1713 dB, 95% bootstrap [0.0428, 0.2982]
Kp=8 paired trials=72/100: difference=0.1743 dB, 95% bootstrap [0.0612, 0.2984]
Kp=8 paired trials=80/100: difference=0.2157 dB, 95% bootstrap [0.0845, 0.3442]
Kp=8 paired trials=88/100: difference=0.2189 dB, 95% bootstrap [0.1058, 0.3388]
Kp=8 paired trials=96/100: difference=0.1964 dB, 95% bootstrap [0.0842, 0.3047]
Kp=8 paired trials=100/100: difference=0.2005 dB, 95% bootstrap [0.0896, 0.3113]
Kp=32 paired trials=8/100: difference=0.0405 dB, 95% bootstrap [-0.1365, 0.1836]
Kp=32 paired trials=16/100: difference=0.0254 dB, 95% bootstrap [-0.0678, 0.1094]
Kp=32 paired trials=24/100: difference=0.0282 dB, 95% bootstrap [-0.0347, 0.0930]
Kp=32 paired trials=32/100: difference=-0.0031 dB, 95% bootstrap [-0.0825, 0.0616]
Kp=32 paired trials=40/100: difference=0.0136 dB, 95% bootstrap [-0.0462, 0.0703]
Kp=32 paired trials=48/100: difference=0.0110 dB, 95% bootstrap [-0.0396, 0.0564]
Kp=32 paired trials=56/100: difference=0.0120 dB, 95% bootstrap [-0.0352, 0.0535]
Kp=32 paired trials=64/100: difference=0.0225 dB, 95% bootstrap [-0.0225, 0.0619]
Kp=32 paired trials=72/100: difference=0.0314 dB, 95% bootstrap [-0.0097, 0.0685]
Kp=32 paired trials=80/100: difference=0.0216 dB, 95% bootstrap [-0.0154, 0.0577]
Kp=32 paired trials=88/100: difference=0.0279 dB, 95% bootstrap [-0.0084, 0.0634]
Kp=32 paired trials=96/100: difference=0.0309 dB, 95% bootstrap [-0.0061, 0.0690]
Kp=32 paired trials=100/100: difference=0.0297 dB, 95% bootstrap [-0.0072, 0.0653]
